package testv1

func (req *PublicRequest) GetChecks() pkg.CheckConfig {
    return pkg.CheckConfig {
        Type:   pkg.PUBLIC,
        Checks: []pkg.Check{},
    }
}